I'm sorry, but errors were detected in your script. Please correct the
errors listed below, and try again.


File "game/script.rpy", line 8: expected statement.
    //cold water scenes
                       ^

File "game/script.rpy", line 105: expected statement.
    //open ocean scenes
                       ^

File "game/script.rpy", line 110: expected statement.
    //death scenes
                  ^

Ren'Py Version: Ren'Py 7.3.5.606
Fri Apr 02 19:57:42 2021
